<html>
<body>
<pre>
<h1>µVision Build Log</h1>
<h2>Tool Versions:</h2>
IDE-Version: ¦ÌVision V5.36.0.0
Copyright (C) 2021 ARM Ltd and ARM Germany GmbH. All rights reserved.
License Information: chin not, not, LIC=HN0AE-5XHEW-56HQ2-9TNJ9-ETB54-S33S0
 
Tool Versions:
Toolchain:       MDK-ARM Plus  Version: 5.36.0.0
Toolchain Path:  H:\Keil_v5\ARM\ARMCC\Bin
C Compiler:      Armcc.exe V5.06 update 7 (build 960)
Assembler:       Armasm.exe V5.06 update 7 (build 960)
Linker/Locator:  ArmLink.exe V5.06 update 7 (build 960)
Library Manager: ArmAr.exe V5.06 update 7 (build 960)
Hex Converter:   FromElf.exe V5.06 update 7 (build 960)
CPU DLL:         SARMCM3.DLL V5.36.0.0
Dialog DLL:      DARMCM1.DLL V1.19.4.0
Target DLL:      STLink\ST-LINKIII-KEIL_SWO.dll V3.0.9.0
Dialog DLL:      TARMCM1.DLL V1.14.4.0
 
<h2>Project:</h2>
F:\project_verifying\T630\usbcard4k30banben\FT32F0xx RTT GSVyuv422\MDK\FT32F030xx.uvprojx
Project File Date:  03/07/2023

<h2>Output:</h2>
*** Using Compiler 'V5.06 update 7 (build 960)', folder: 'H:\Keil_v5\ARM\ARMCC\Bin'
Rebuild target 'FT32F030xx'
assembling startup_ft32f030x8.s...
compiling usart.c...
compiling soft_i2c.c...
compiling fpga2mcu_uart.c...
compiling ft32f0xx_dac.c...
compiling ft32f0xx_it.c...
compiling main.c...
compiling ft32f0xx_adc.c...
compiling aw2013.c...
compiling system_ft32f0xx.c...
compiling led.c...
compiling ft32f0xx_comp.c...
compiling delay.c...
compiling ft32f0xx_crc.c...
compiling ft32f0xx_crs.c...
compiling ft32f0xx_debug.c...
compiling ft32f0xx_dma.c...
compiling ft32f0xx_exti.c...
compiling ft32f0xx_div.c...
compiling ft32f0xx_gpio.c...
compiling ft32f0xx_i2c.c...
compiling ft32f0xx_flash.c...
compiling ft32f0xx_iwdg.c...
compiling ft32f0xx_misc.c...
compiling ft32f0xx_pwr.c...
compiling ft32f0xx_opa.c...
compiling ft32f0xx_rcc.c...
compiling clock.c...
compiling ft32f0xx_syscfg.c...
compiling ft32f0xx_spi.c...
compiling ft32f0xx_rtc.c...
compiling ft32f0xx_usart.c...
compiling components.c...
compiling ft32f0xx_tim.c...
compiling ft32f0xx_wwdg.c...
compiling cpu.c...
compiling idle.c...
compiling ipc.c...
compiling irq.c...
compiling kservice.c...
compiling slab.c...
compiling mempool.c...
compiling memheap.c...
compiling thread.c...
compiling object.c...
compiling scheduler.c...
compiling mem.c...
assembling context_rvds.S...
compiling timer.c...
compiling cpuport.c...
compiling av_common.c...
compiling board.c...
compiling av_edid_manage.c...
compiling av_uart_cmd.c...
compiling av_event_handler.c...
compiling av_key_cmd.c...
compiling av_irda_cmd.c...
compiling kapi.c...
compiling kapi_debug_info.c...
compiling av_main.c...
compiling kernel_fsm.c...
compiling hal.c...
compiling kernel_status_update.c...
compiling uapi.c...
compiling uapi_function_mapper.c...
compiling bsp.c...
compiling gsv2k11.c...
linking...
Program Size: Code=94464 RO-data=3736 RW-data=340 ZI-data=20764  
FromELF: creating hex file...
After Build - User command #1: fromelf --bin -o "F:\project_verifying\T630\usbcard4k30banben\FT32F0xx RTT GSVyuv422\MDK\Objects\FT32F030xx.bin" "F:\project_verifying\T630\usbcard4k30banben\FT32F0xx RTT GSVyuv422\MDK\Objects\FT32F030xx.axf"
After Build - User command #2: fromelf --text -c "F:\project_verifying\T630\usbcard4k30banben\FT32F0xx RTT GSVyuv422\MDK\Objects\FT32F030xx.axf" --output "F:\project_verifying\T630\usbcard4k30banben\FT32F0xx RTT GSVyuv422\MDK\Objects\FT32F030xx.txt"
".\Objects\FT32F030xx.axf" - 0 Error(s), 0 Warning(s).

<h2>Software Packages used:</h2>

Package Vendor: ARM
                http://www.keil.com/pack/ARM.CMSIS.5.8.0.pack
                ARM.CMSIS.5.8.0
                CMSIS (Common Microcontroller Software Interface Standard)
   * Component: CORE Version: 5.5.0

Package Vendor: FMD
                https://www.fremontmicro.com/upload/tools/pack/FMD.FT32F0xx_DFP.1.0.8.pack
                FMD.FT32F0xx_DFP.1.0.8
                FremontMicro FT32F0 Series Device Support and Examples

<h2>Collection of Component include folders:</h2>
  .\RTE\_FT32F030xx
  H:\Keil_v5\Arm\Packs\ARM\CMSIS\5.8.0\CMSIS\Core\Include
  H:\Keil_v5\Arm\Packs\FMD\FT32F0xx_DFP\1.0.8\Drivers\CMSIS\FT32F0xx\Include

<h2>Collection of Component Files used:</h2>

   * Component: ARM::CMSIS:CORE:5.5.0
Build Time Elapsed:  00:00:08
</pre>
</body>
</html>
